------------------------------------------------------------
Timing Analyzer Summary
------------------------------------------------------------

Type  : Slow 1200mV 85C Model Setup 'myPll|altpll_component|auto_generated|pll1|clk[0]'
Slack : 120.825
TNS   : 0.000

Type  : Slow 1200mV 85C Model Hold 'myPll|altpll_component|auto_generated|pll1|clk[0]'
Slack : 0.423
TNS   : 0.000

Type  : Slow 1200mV 85C Model Minimum Pulse Width 'CLOCK_50'
Slack : 9.835
TNS   : 0.000

Type  : Slow 1200mV 85C Model Minimum Pulse Width 'myPll|altpll_component|auto_generated|pll1|clk[0]'
Slack : 124.759
TNS   : 0.000

Type  : Slow 1200mV 0C Model Setup 'myPll|altpll_component|auto_generated|pll1|clk[0]'
Slack : 121.127
TNS   : 0.000

Type  : Slow 1200mV 0C Model Hold 'myPll|altpll_component|auto_generated|pll1|clk[0]'
Slack : 0.350
TNS   : 0.000

Type  : Slow 1200mV 0C Model Minimum Pulse Width 'CLOCK_50'
Slack : 9.856
TNS   : 0.000

Type  : Slow 1200mV 0C Model Minimum Pulse Width 'myPll|altpll_component|auto_generated|pll1|clk[0]'
Slack : 124.715
TNS   : 0.000

Type  : Fast 1200mV 0C Model Setup 'myPll|altpll_component|auto_generated|pll1|clk[0]'
Slack : 122.969
TNS   : 0.000

Type  : Fast 1200mV 0C Model Hold 'myPll|altpll_component|auto_generated|pll1|clk[0]'
Slack : 0.207
TNS   : 0.000

Type  : Fast 1200mV 0C Model Minimum Pulse Width 'CLOCK_50'
Slack : 9.666
TNS   : 0.000

Type  : Fast 1200mV 0C Model Minimum Pulse Width 'myPll|altpll_component|auto_generated|pll1|clk[0]'
Slack : 124.780
TNS   : 0.000

------------------------------------------------------------
